[backblue.gif]
[fade.gif]
[index.html]
[christiafung.com/favicon.ico]
[christiafung.com/images/Thumb_PepCirc.png]
[christiafung.com/images/Thumb_TPL.gif]
[christiafung.com/images/Thumb_Smirnoff.gif]
[christiafung.com/images/Thumb_FancyFranks.jpg]
[christiafung.com/images/Thumb_Matsuda.gif]
[christiafung.com/images/Thumb_Eshara.jpg]
[christiafung.com/images/Thumb_Beneplan.jpg]
[christiafung.com/images/Thumb_FHG.jpg]
[christiafung.com/images/Thumb_Giant.gif]
[christiafung.com/images/Thumb_Intuition.jpg]
[christiafung.com/images/Thumb_WoodWorkshop.jpg]
[christiafung.com/images/Thumb_TLT.jpg]
[christiafung.com/images/Thumb_EastStudio.gif]
[christiafung.com/images/Thumb_6Degrees.gif]
[christiafung.com/images/Thumb_ErikaHair.jpg]
[christiafung.com/images/Thumb_Logos.gif]
[s3-us-west-2.amazonaws.com/s.cdpn.io/2542/jquery.scrollie.min_1.js]
[christiafung.com/index.html]
[christiafung.com/css/foundation.min.css]
[christiafung.com/css/reset.css]
[christiafung.com/css/bgColourChange.css]
[christiafung.com/images/cross.png]
[christiafung.com/css/styles.css]
[christiafung.com/css/svgstyle.css]
[christiafung.com/css/animations.css]
[christiafung.com/css/animate.css]
[christiafung.com/svg/ChristiaFung.svg]
[christiafung.com/svg/CFMonogram.svg]
[christiafung.com/svg/x.svg]
[christiafung.com/images/Proj-TopImage-PepCirc.jpg]
[christiafung.com/images/Proj-PC-MainLogo-XL.jpg]
[christiafung.com/images/Proj-PC-MainLogo.jpg]
[christiafung.com/images/Proj-PC-Logos-XL.jpg]
[christiafung.com/images/Proj-PC-Logos.jpg]
[christiafung.com/images/Proj-PC-Fonts-XL.jpg]
[christiafung.com/images/Proj-PC-Fonts.jpg]
[christiafung.com/images/Proj-PC-Icons-XL.jpg]
[christiafung.com/images/Proj-PC-Icons.jpg]
[christiafung.com/images/Proj-PC-Lineup-XL.jpg]
[christiafung.com/images/Proj-PC-Lineup.jpg]
[christiafung.com/images/Proj-PC-BothSauces-XL.jpg]
[christiafung.com/images/Proj-PC-BothSauces.jpg]
[christiafung.com/images/Proj-PC-Closeup1-XL.jpg]
[christiafung.com/images/Proj-PC-Closeup1.jpg]
[christiafung.com/images/Proj-PC-Closeup2-XL.jpg]
[christiafung.com/images/Proj-PC-Closeup2.jpg]
[christiafung.com/images/Proj-PC-XtraHotInline-XL.jpg]
[christiafung.com/images/Proj-PC-XtraHotInline.jpg]
[christiafung.com/images/Proj-PC-XtraHot-XL.jpg]
[christiafung.com/images/Proj-PC-XtraHot.jpg]
[christiafung.com/images/Proj-PC-Hot-XL.jpg]
[christiafung.com/images/Proj-PC-Hot.jpg]
[christiafung.com/pepcirc.html]
[christiafung.com/images/Proj-TopImage-tpl.jpg]
[christiafung.com/images/Proj-TPL-ButtonLineup-XL.jpg]
[christiafung.com/images/Proj-TPL-ButtonLineup.jpg]
[christiafung.com/images/Proj-TPL-Griffin-XL.jpg]
[christiafung.com/images/Proj-TPL-Griffin.jpg]
[christiafung.com/images/Proj-TPL-Owl-XL.jpg]
[christiafung.com/images/Proj-TPL-Owl.jpg]
[christiafung.com/images/Proj-TPL-TRL-XL.jpg]
[christiafung.com/images/Proj-TPL-TRL.jpg]
[christiafung.com/images/Proj-TPL-BeachOwl-XL.jpg]
[christiafung.com/images/Proj-TPL-BeachOwl.jpg]
[christiafung.com/images/Proj-TPL-Yorkville-XL.jpg]
[christiafung.com/images/Proj-TPL-Yorkville.jpg]
[christiafung.com/images/Proj-TPL-Scarborough-XL.jpg]
[christiafung.com/images/Proj-TPL-Scarborough.jpg]
[christiafung.com/tpl.html]
[christiafung.com/images/Proj-TopImage-Smirnoff.jpg]
[christiafung.com/images/Proj-Smirnoff-CanadaBottlesAll-XL.jpg]
[christiafung.com/images/Proj-Smirnoff-CanadaBottlesAll.jpg]
[christiafung.com/images/Proj-Smirnoff-USABottlesAll-XL.jpg]
[christiafung.com/images/Proj-Smirnoff-USABottlesAll.jpg]
[christiafung.com/images/Proj-Smirnoff-Vancouver-XL.jpg]
[christiafung.com/images/Proj-Smirnoff-Vancouver.jpg]
[christiafung.com/images/Proj-Smirnoff-Canada-XL.jpg]
[christiafung.com/images/Proj-Smirnoff-Canada.jpg]
[christiafung.com/images/Proj-Smirnoff-Toronto-XL.jpg]
[christiafung.com/images/Proj-Smirnoff-Toronto.jpg]
[christiafung.com/images/Proj-Smirnoff-Texas-XL.jpg]
[christiafung.com/images/Proj-Smirnoff-Texas.jpg]
[christiafung.com/images/Proj-Smirnoff-Seattle-XL.jpg]
[christiafung.com/images/Proj-Smirnoff-Seattle.jpg]
[christiafung.com/images/Proj-Smirnoff-Chicago-XL.jpg]
[christiafung.com/images/Proj-Smirnoff-Chicago.jpg]
[christiafung.com/images/Proj-Smirnoff-NYC-XL.jpg]
[christiafung.com/images/Proj-Smirnoff-NYC.jpg]
[christiafung.com/images/Proj-Smirnoff-California-XL.jpg]
[christiafung.com/images/Proj-Smirnoff-California.jpg]
[christiafung.com/images/Proj-Smirnoff-Florida-XL.jpg]
[christiafung.com/images/Proj-Smirnoff-Florida.jpg]
[christiafung.com/images/Proj-Smirnoff-Colorado-XL.jpg]
[christiafung.com/images/Proj-Smirnoff-Colorado.jpg]
[christiafung.com/smirnoff.html]
[christiafung.com/images/Proj-TopImage-FancyFranks.jpg]
[christiafung.com/images/Proj-FancyFranks-MobileSite-XL.jpg]
[christiafung.com/images/Proj-FancyFranks-MobileSite.jpg]
[christiafung.com/images/Proj-FancyFranks-EatDog-XL.jpg]
[christiafung.com/images/Proj-FancyFranks-EatDog.jpg]
[christiafung.com/images/Proj-FancyFranks-Pattern-XL.jpg]
[christiafung.com/images/Proj-FancyFranks-Pattern.jpg]
[christiafung.com/images/Proj-FancyFranks-Website-XL.jpg]
[christiafung.com/images/Proj-FancyFranks-Website.jpg]
[christiafung.com/fancyfranks.html]
[christiafung.com/images/Proj-TopImage-Matsuda.jpg]
[christiafung.com/images/Proj-Matsuda-Laptop-XL.jpg]
[christiafung.com/images/Proj-Matsuda-Laptop.jpg]
[christiafung.com/images/Proj-Matsuda-01_Home-XL.jpg]
[christiafung.com/images/Proj-Matsuda-01_Home.jpg]
[christiafung.com/images/Proj-Matsuda-02_Dropdown-XL.jpg]
[christiafung.com/images/Proj-Matsuda-02_Dropdown.jpg]
[christiafung.com/images/Proj-Matsuda-03_ProductFilter-XL.jpg]
[christiafung.com/images/Proj-Matsuda-03_ProductFilter.jpg]
[christiafung.com/images/Proj-Matsuda-04_Products-XL.jpg]
[christiafung.com/images/Proj-Matsuda-04_Products.jpg]
[christiafung.com/matsuda.html]
[christiafung.com/images/Proj-TopImage-Eshara.jpg]
[christiafung.com/images/Proj-Eshara-LogoMain-XL.jpg]
[christiafung.com/images/Proj-Eshara-LogoMain.jpg]
[christiafung.com/images/Proj-Eshara-Logo-XL.jpg]
[christiafung.com/images/Proj-Eshara-Logo.jpg]
[christiafung.com/images/Proj-Eshara-Font-XL.jpg]
[christiafung.com/images/Proj-Eshara-Font.jpg]
[christiafung.com/images/Proj-Eshara-Cards-XL.jpg]
[christiafung.com/images/Proj-Eshara-Cards.jpg]
[christiafung.com/images/Proj-Eshara-PostCards-XL.jpg]
[christiafung.com/images/Proj-Eshara-PostCards.jpg]
[christiafung.com/eshara.html]
[christiafung.com/images/Proj-TopImage-Beneplan.jpg]
[christiafung.com/images/Proj-Beneplan-Logo-XL.jpg]
[christiafung.com/images/Proj-Beneplan-Logo.jpg]
[christiafung.com/images/Proj-Beneplan-Icon-XL.gif]
[christiafung.com/images/Proj-Beneplan-Icon.gif]
[christiafung.com/images/Proj-Beneplan-Fonts-XL.jpg]
[christiafung.com/images/Proj-Beneplan-Fonts.jpg]
[christiafung.com/images/Proj-Beneplan-Colours-XL.gif]
[christiafung.com/images/Proj-Beneplan-Colours.gif]
[christiafung.com/images/Proj-Beneplan-Illustration-XL.gif]
[christiafung.com/images/Proj-Beneplan-Illustration.gif]
[christiafung.com/images/Proj-Beneplan-Stationary-XL.jpg]
[christiafung.com/images/Proj-Beneplan-Stationary.jpg]
[christiafung.com/images/Proj-Beneplan-BookletOpened-XL.jpg]
[christiafung.com/images/Proj-Beneplan-BookletOpened.jpg]
[christiafung.com/images/Proj-Beneplan-CardsStacked-XL.jpg]
[christiafung.com/images/Proj-Beneplan-CardsStacked.jpg]
[christiafung.com/images/Proj-Beneplan-BooksStacked-XL.jpg]
[christiafung.com/images/Proj-Beneplan-BooksStacked.jpg]
[christiafung.com/images/Proj-Beneplan-Clipboard-XL.jpg]
[christiafung.com/images/Proj-Beneplan-Clipboard.jpg]
[christiafung.com/images/Proj-Beneplan-Mobile-XL.jpg]
[christiafung.com/images/Proj-Beneplan-Mobile.jpg]
[christiafung.com/images/Proj-Beneplan-Desktop-Home-XL.jpg]
[christiafung.com/images/Proj-Beneplan-Desktop-Home.jpg]
[christiafung.com/images/Proj-Beneplan-Desktop-Beneplus-XL.jpg]
[christiafung.com/images/Proj-Beneplan-Desktop-Beneplus.jpg]
[christiafung.com/images/Proj-Beneplan-Desktop-AnnualReport-XL.jpg]
[christiafung.com/images/Proj-Beneplan-Desktop-AnnualReport.jpg]
[christiafung.com/images/Proj-Beneplan-Desktop-EventsThumb-XL.jpg]
[christiafung.com/images/Proj-Beneplan-Desktop-EventsThumb.jpg]
[christiafung.com/images/Proj-Beneplan-Desktop-EventsList-XL.jpg]
[christiafung.com/images/Proj-Beneplan-Desktop-EventsList.jpg]
[christiafung.com/images/Proj-Beneplan-Desktop-Press-XL.jpg]
[christiafung.com/images/Proj-Beneplan-Desktop-Press.jpg]
[christiafung.com/images/Proj-Beneplan-Desktop-BlogPost-XL.jpg]
[christiafung.com/images/Proj-Beneplan-Desktop-BlogPost.jpg]
[christiafung.com/images/Proj-Beneplan-Desktop-Forms-XL.jpg]
[christiafung.com/images/Proj-Beneplan-Desktop-Forms.jpg]
[christiafung.com/images/Proj-Beneplan-Desktop-Contact-XL.jpg]
[christiafung.com/images/Proj-Beneplan-Desktop-Contact.jpg]
[christiafung.com/beneplan.html]
[christiafung.com/images/Proj-TopImage-FHG.jpg]
[christiafung.com/images/Proj-FHG-Logo-XL.jpg]
[christiafung.com/images/Proj-FHG-Logo.jpg]
[christiafung.com/images/Proj-FHG-LogoStacked-XL.jpg]
[christiafung.com/images/Proj-FHG-LogoStacked.jpg]
[christiafung.com/images/Proj-FHG-Fonts-XL.jpg]
[christiafung.com/images/Proj-FHG-Fonts.jpg]
[christiafung.com/images/Proj-FHG-Cards-XL.jpg]
[christiafung.com/images/Proj-FHG-Cards.jpg]
[christiafung.com/fhg.html]
[christiafung.com/images/Proj-TopImage-Giant.jpg]
[christiafung.com/images/Proj-Giant-Responsive-XL.jpg]
[christiafung.com/images/Proj-Giant-Responsive.jpg]
[christiafung.com/images/Proj-Giant-Phones-XL.jpg]
[christiafung.com/images/Proj-Giant-Phones.jpg]
[christiafung.com/images/Proj-Giant-Phone.gif]
[christiafung.com/images/Proj-Giant-BuiltWPride-XL.jpg]
[christiafung.com/images/Proj-Giant-BuiltWPride.jpg]
[christiafung.com/images/Proj-Giant-Containers-XL.jpg]
[christiafung.com/images/Proj-Giant-Containers.jpg]
[christiafung.com/images/Proj-Giant-Desktop-Home-XL.jpg]
[christiafung.com/images/Proj-Giant-Desktop-Home.jpg]
[christiafung.com/images/Proj-Giant-Desktop-About-XL.jpg]
[christiafung.com/images/Proj-Giant-Desktop-About.jpg]
[christiafung.com/images/Proj-Giant-Desktop-Products-XL.jpg]
[christiafung.com/images/Proj-Giant-Desktop-Products.jpg]
[christiafung.com/images/Proj-Giant-Desktop-Containers-XL.jpg]
[christiafung.com/images/Proj-Giant-Desktop-Containers.jpg]
[christiafung.com/images/Proj-Giant-Desktop-Custom-XL.jpg]
[christiafung.com/images/Proj-Giant-Desktop-Custom.jpg]
[christiafung.com/images/Proj-Giant-Desktop-ProjDeets-XL.jpg]
[christiafung.com/images/Proj-Giant-Desktop-ProjDeets.jpg]
[christiafung.com/images/Proj-Giant-Desktop-Press-XL.jpg]
[christiafung.com/images/Proj-Giant-Desktop-Press.jpg]
[christiafung.com/images/Proj-Giant-Desktop-PressDeets-XL.jpg]
[christiafung.com/images/Proj-Giant-Desktop-PressDeets.jpg]
[christiafung.com/images/Proj-Giant-Desktop-Blog-XL.jpg]
[christiafung.com/images/Proj-Giant-Desktop-Blog.jpg]
[christiafung.com/images/Proj-Giant-Desktop-Contact-XL.jpg]
[christiafung.com/images/Proj-Giant-Desktop-Contact.jpg]
[christiafung.com/giant.html]
[christiafung.com/images/Proj-TopImage-Intuition.jpg]
[christiafung.com/images/Proj-Intuition-Hearing.jpg]
[christiafung.com/images/Proj-Intuition-Smell-XL.jpg]
[christiafung.com/images/Proj-Intuition-Smell.jpg]
[christiafung.com/images/Proj-Intuition-Feel-XL.jpg]
[christiafung.com/images/Proj-Intuition-Feel.jpg]
[christiafung.com/images/Proj-Intuition-Touch-XL.jpg]
[christiafung.com/images/Proj-Intuition-Touch.jpg]
[christiafung.com/images/Proj-Intuition-Sight-XL.jpg]
[christiafung.com/images/Proj-Intuition-Sight.jpg]
[christiafung.com/images/Proj-Intuition-Soul.jpg]
[christiafung.com/images/Proj-Intuition-Cover.jpg]
[christiafung.com/images/Proj-Intuition-Cover_Stacked-XL.jpg]
[christiafung.com/images/Proj-Intuition-Cover_Stacked.jpg]
[christiafung.com/images/Proj-Intuition-Cover_Stitches-XL.jpg]
[christiafung.com/images/Proj-Intuition-Cover_Stitches.jpg]
[christiafung.com/images/Proj-Intuition-Spreads01.jpg]
[christiafung.com/images/Proj-Intuition-Spreads02.jpg]
[christiafung.com/images/Proj-Intuition-Spreads03.jpg]
[christiafung.com/images/Proj-Intuition-Spreads04.jpg]
[christiafung.com/images/Proj-Intuition-Installation-Sight-XL.jpg]
[christiafung.com/images/Proj-Intuition-Installation-Mask-XL.jpg]
[christiafung.com/images/Proj-Intuition-Installation-Mask.jpg]
[christiafung.com/images/Proj-Intuition-Installation-Bubbles-XL.jpg]
[christiafung.com/images/Proj-Intuition-Installation-Bubbles.jpg]
[christiafung.com/intuition.html]
[christiafung.com/images/Proj-TopImage-WoodWorkshop.jpg]
[christiafung.com/images/Proj-WoodWorkshop-Logo-XL.jpg]
[christiafung.com/images/Proj-WoodWorkshop-Logo.jpg]
[christiafung.com/images/Proj-WoodWorkshop-Logos-XL.jpg]
[christiafung.com/images/Proj-WoodWorkshop-Logos.jpg]
[christiafung.com/images/Proj-WoodWorkshop-Fonts-XL.jpg]
[christiafung.com/images/Proj-WoodWorkshop-Fonts.jpg]
[christiafung.com/images/Proj-WoodWorkshop-Icons-XL.jpg]
[christiafung.com/images/Proj-WoodWorkshop-Icons.jpg]
[christiafung.com/images/Proj-WoodWorkshop-Branding-XL.jpg]
[christiafung.com/images/Proj-WoodWorkshop-Branding.jpg]
[christiafung.com/images/Proj-WoodWorkshop-Card02-XL.jpg]
[christiafung.com/images/Proj-WoodWorkshop-Card02.jpg]
[christiafung.com/images/Proj-WoodWorkshop-Card01-XL.jpg]
[christiafung.com/images/Proj-WoodWorkshop-Card01.jpg]
[christiafung.com/images/Proj-WoodWorkshop-Letterhead-XL.jpg]
[christiafung.com/images/Proj-WoodWorkshop-Letterhead.jpg]
[christiafung.com/images/Proj-WoodWorkshop-Stamp-XL.jpg]
[christiafung.com/images/Proj-WoodWorkshop-Stamp.jpg]
[christiafung.com/images/Proj-WoodWorkshop-Woodblock-XL.jpg]
[christiafung.com/images/Proj-WoodWorkshop-Woodblock.jpg]
[christiafung.com/images/Proj-WoodWorkshop-Tools-XL.jpg]
[christiafung.com/images/Proj-WoodWorkshop-Tools.jpg]
[christiafung.com/images/Proj-WoodWorkshop-Signage-XL.jpg]
[christiafung.com/images/Proj-WoodWorkshop-Signage.jpg]
[christiafung.com/images/Proj-WoodWorkshop-Glass-XL.jpg]
[christiafung.com/images/Proj-WoodWorkshop-Glass.jpg]
[christiafung.com/images/Proj-WoodWorkshop-Door-XL.jpg]
[christiafung.com/images/Proj-WoodWorkshop-Door.jpg]
[christiafung.com/images/Proj-WoodWorkshop-DesktopWeb-XL.jpg]
[christiafung.com/images/Proj-WoodWorkshop-DesktopWeb.jpg]
[christiafung.com/images/Proj-WoodWorkshop-Mobile-XL.jpg]
[christiafung.com/images/Proj-WoodWorkshop-Mobile.jpg]
[christiafung.com/images/Proj-WoodWorkshop-Desktop-Home-XL.jpg]
[christiafung.com/images/Proj-WoodWorkshop-Desktop-Home.jpg]
[christiafung.com/images/Proj-WoodWorkshop-Desktop-About-XL.jpg]
[christiafung.com/images/Proj-WoodWorkshop-Desktop-About.jpg]
[christiafung.com/images/Proj-WoodWorkshop-Desktop-Gallery-XL.jpg]
[christiafung.com/images/Proj-WoodWorkshop-Desktop-Gallery.jpg]
[christiafung.com/images/Proj-WoodWorkshop-Desktop-Details-XL.jpg]
[christiafung.com/images/Proj-WoodWorkshop-Desktop-Details.jpg]
[christiafung.com/images/Proj-WoodWorkshop-Desktop-Contact-XL.jpg]
[christiafung.com/images/Proj-WoodWorkshop-Desktop-Contact.jpg]
[christiafung.com/woodworkshop.html]
[christiafung.com/images/Proj-TopImage-TLT.jpg]
[christiafung.com/images/Proj-TLT-PrintStuff-XL.jpg]
[christiafung.com/images/Proj-TLT-PrintStuff.jpg]
[christiafung.com/images/Proj-TLT-CondeNastAdvertorial-XL.jpg]
[christiafung.com/images/Proj-TLT-CondeNastAdvertorial.jpg]
[christiafung.com/images/Proj-TLT-CunardAd-XL.jpg]
[christiafung.com/images/Proj-TLT-CunardAd.jpg]
[christiafung.com/images/Proj-TLT-JapanAd-XL.jpg]
[christiafung.com/images/Proj-TLT-JapanAd.jpg]
[christiafung.com/images/Proj-TLT-ChinaAd-XL.jpg]
[christiafung.com/images/Proj-TLT-ChinaAd.jpg]
[christiafung.com/images/Proj-TLT-DM-Bespoke01-XL.jpg]
[christiafung.com/images/Proj-TLT-DM-Bespoke01.jpg]
[christiafung.com/images/Proj-TLT-DM-Bespoke02-XL.jpg]
[christiafung.com/images/Proj-TLT-DM-Bespoke02.jpg]
[christiafung.com/images/Proj-TLT-DM-Bespoke03-XL.jpg]
[christiafung.com/images/Proj-TLT-DM-Bespoke03.jpg]
[christiafung.com/images/Proj-TLT-DM-Canada01-XL.jpg]
[christiafung.com/images/Proj-TLT-DM-Canada01.jpg]
[christiafung.com/images/Proj-TLT-DM-Canada02-XL.jpg]
[christiafung.com/images/Proj-TLT-DM-Canada02.jpg]
[christiafung.com/images/Proj-TLT-DM-Canada03-XL.jpg]
[christiafung.com/images/Proj-TLT-DM-Canada03.jpg]
[christiafung.com/tlt.html]
[christiafung.com/images/Proj-TopImage-EastStudio.jpg]
[christiafung.com/images/Proj-EastStudio-Logo-XL.jpg]
[christiafung.com/images/Proj-EastStudio-Logo.jpg]
[christiafung.com/images/Proj-EastStudio-Logo-XL.gif]
[christiafung.com/images/Proj-EastStudio-Logo.gif]
[christiafung.com/images/Proj-EastStudio-Font-XL.jpg]
[christiafung.com/images/Proj-EastStudio-Font.jpg]
[christiafung.com/images/Proj-EastStudio-Cards-XL.jpg]
[christiafung.com/images/Proj-EastStudio-Cards.jpg]
[christiafung.com/eaststudio.html]
[christiafung.com/images/Proj-TopImage-6Deg.jpg]
[christiafung.com/images/Proj-6Deg-Cinemgraph-BYD.gif]
[christiafung.com/images/Proj-6Deg-Cinemgraph-Movember.gif]
[christiafung.com/images/Proj-6Deg-Cinemgraph-WorldVision.gif]
[christiafung.com/images/Proj-6Deg-Cinemgraph-Trashy.gif]
[christiafung.com/images/Proj-6Deg-Cinemgraph-HVR.gif]
[christiafung.com/images/Proj-6Deg-Cinemgraph-Demetre.gif]
[christiafung.com/6deg.html]
[christiafung.com/images/Proj-TopImage-Erika.jpg]
[christiafung.com/images/Proj-Erika-Logo-XL.jpg]
[christiafung.com/images/Proj-Erika-Logo.jpg]
[christiafung.com/images/Proj-Erika-Branding-XL.jpg]
[christiafung.com/images/Proj-Erika-Branding.jpg]
[christiafung.com/images/Proj-Erika-Cards01-XL.jpg]
[christiafung.com/images/Proj-Erika-Cards01.jpg]
[christiafung.com/images/Proj-Erika-Cards02-XL.jpg]
[christiafung.com/images/Proj-Erika-Cards02.jpg]
[christiafung.com/images/Proj-Erika-Pricing-XL.jpg]
[christiafung.com/images/Proj-Erika-Pricing.jpg]
[christiafung.com/images/Proj-Erika-Laptop-XL.jpg]
[christiafung.com/images/Proj-Erika-Laptop.jpg]
[christiafung.com/images/Proj-Erika-Mobile-XL.jpg]
[christiafung.com/images/Proj-Erika-Mobile.jpg]
[christiafung.com/images/Proj-Erika-Desktop-Home-XL.jpg]
[christiafung.com/images/Proj-Erika-Desktop-Home.jpg]
[christiafung.com/images/Proj-Erika-Desktop-Hair-XL.jpg]
[christiafung.com/images/Proj-Erika-Desktop-Hair.jpg]
[christiafung.com/images/Proj-Erika-Desktop-Project-XL.jpg]
[christiafung.com/images/Proj-Erika-Desktop-Project.jpg]
[christiafung.com/images/Proj-Erika-Desktop-Services-XL.jpg]
[christiafung.com/images/Proj-Erika-Desktop-Services.jpg]
[christiafung.com/images/Proj-Erika-Desktop-Contact-XL.jpg]
[christiafung.com/images/Proj-Erika-Desktop-Contact.jpg]
[christiafung.com/erika.html]
[christiafung.com/images/Proj-TopImage-Logos.jpg]
[christiafung.com/images/Proj-Logos-Buffoon.gif]
[christiafung.com/images/Proj-Logos-LuxelifeSound.gif]
[christiafung.com/images/Proj-Logos-TheWoodWorkshop.gif]
[christiafung.com/images/Proj-Logos-Planta.gif]
[christiafung.com/images/Proj-Logos-HighTechGeeks.gif]
[christiafung.com/images/Proj-Logos-Erika.gif]
[christiafung.com/images/Proj-Logos-Gazelle.gif]
[christiafung.com/images/Proj-Logos-Filter.gif]
[christiafung.com/images/Proj-Logos-Pressed.gif]
[christiafung.com/images/Proj-Logos-Teralinks.gif]
[christiafung.com/images/Proj-Logos-TheForestHillGroup.gif]
[christiafung.com/logos.html]
[christiafung.com/images/Thumb_AirMax.gif]
[christiafung.com/images/Thumb_Destruction.jpg]
[christiafung.com/images/Thumb_PirateLlama.jpg]
[christiafung.com/images/Thumb_Dinosur.jpg]
[christiafung.com/play.html]
[christiafung.com/info.html]
[christiafung.com/svg/dribbble.svg]
[christiafung.com/svg/Behance.svg]
[christiafung.com/svg/instagram.svg]
[christiafung.com/svg/LinkedIn.svg]
[christiafung.com/svg/Email.svg]
[christiafung.com/js/vendor/jquery-3.1.0.min.js]
[christiafung.com/js/vendor/foundation.js]
[christiafung.com/js/index.js]
[christiafung.com/js/prefixfree.min.js]
[christiafung.com/js/SmoothScroll.js]
[christiafung.com/js/jquery.mixitup.min.js]
[christiafung.com/js/jquery.hoverdir.js]
[christiafung.com/js/wow.min.js]
[christiafung.com/js/modernizr.custom.97074.js]
[christiafung.com/js/vendor/what-input.js]
[christiafung.com/js/classie.js]
[christiafung.com/js/overlaymenu.js]
[christiafung.com/fonts/ptm55ft-webfont.html]
[christiafung.com/fonts/ptm55ft-webfont-2.html]
[christiafung.com/index-2.html]
[christiafung.com/images/Proj-TopImage-Nike.jpg]
[christiafung.com/images/Proj-Nike-Frames-XL.jpg]
[christiafung.com/images/Proj-Nike-Frames.jpg]
[christiafung.com/images/Proj-Nike-Airmax90-XL.jpg]
[christiafung.com/images/Proj-Nike-Airmax90.jpg]
[christiafung.com/images/Proj-Nike-Airmax90Zoom2-XL.jpg]
[christiafung.com/images/Proj-Nike-Airmax90Zoom2.jpg]
[christiafung.com/images/Proj-Nike-AirmaxZero-XL.jpg]
[christiafung.com/images/Proj-Nike-AirmaxZero.jpg]
[christiafung.com/images/Proj-Nike-AirmaxZeroZoom2-XL.jpg]
[christiafung.com/images/Proj-Nike-AirmaxZeroZoom2.jpg]
[christiafung.com/images/Proj-Nike-Airmax87-XL.jpg]
[christiafung.com/images/Proj-Nike-Airmax87.jpg]
[christiafung.com/images/Proj-Nike-Airmax87Zoom2-XL.jpg]
[christiafung.com/images/Proj-Nike-Airmax87Zoom2.jpg]
[christiafung.com/airmax.html]
[christiafung.com/images/Proj-TopImage-Destruction.jpg]
[christiafung.com/images/Proj-Destruction-Series-XL.jpg]
[christiafung.com/images/Proj-Destruction-Series.jpg]
[christiafung.com/images/Proj-Destruction-Single-XL.jpg]
[christiafung.com/images/Proj-Destruction-Single.jpg]
[christiafung.com/images/Proj-Destruction-SingleZoom-XL.jpg]
[christiafung.com/images/Proj-Destruction-SingleZoom.jpg]
[christiafung.com/images/Proj-Destruction-AlcatrazSingle-XL.jpg]
[christiafung.com/images/Proj-Destruction-AlcatrazSingle.jpg]
[christiafung.com/images/Proj-Destruction-AlcatrazSingleZoom-XL.jpg]
[christiafung.com/images/Proj-Destruction-AlcatrazSingleZoom.jpg]
[christiafung.com/images/Proj-Destruction-YosamiteSingle-XL.jpg]
[christiafung.com/images/Proj-Destruction-YosamiteSingle.jpg]
[christiafung.com/images/Proj-Destruction-YosamiteSingleZoom-XL.jpg]
[christiafung.com/images/Proj-Destruction-YosamiteSingleZoom.jpg]
[christiafung.com/images/Proj-Destruction-Monster_Yahgurt-XL.jpg]
[christiafung.com/images/Proj-Destruction-Monster_Yahgurt.jpg]
[christiafung.com/images/Proj-Destruction-Monster_UniWhale-XL.jpg]
[christiafung.com/images/Proj-Destruction-Monster_UniWhale.jpg]
[christiafung.com/images/Proj-Destruction-Monster_Claws-XL.jpg]
[christiafung.com/images/Proj-Destruction-Monster_Claws.jpg]
[christiafung.com/images/Proj-Destruction-Monster_Derp-XL.jpg]
[christiafung.com/images/Proj-Destruction-Monster_Derp.jpg]
[christiafung.com/images/Proj-Destruction-Monster_Slimy-XL.jpg]
[christiafung.com/images/Proj-Destruction-Monster_Slimy.jpg]
[christiafung.com/images/Proj-Destruction-Monster_Cupid-XL.jpg]
[christiafung.com/images/Proj-Destruction-Monster_Cupid.jpg]
[christiafung.com/destruction.html]
[christiafung.com/images/Proj-TopImage-Llama.jpg]
[christiafung.com/images/Proj-Llama-Full-XL.jpg]
[christiafung.com/images/Proj-Llama-Full.jpg]
[christiafung.com/images/Proj-Llama_Zoom-XL.jpg]
[christiafung.com/images/Proj-Llama_Zoom.jpg]
[christiafung.com/images/Proj-Llama_Zoom2-XL.jpg]
[christiafung.com/images/Proj-Llama_Zoom2.jpg]
[christiafung.com/llama.html]
[christiafung.com/images/Proj-TopImage-Dinosur.jpg]
[christiafung.com/images/Proj-Dinosur-Logo-XL.jpg]
[christiafung.com/images/Proj-Dinosur-Logo.jpg]
[christiafung.com/images/Proj-Dinosur-Logo_Variations-XL.jpg]
[christiafung.com/images/Proj-Dinosur-Logo_Variations.jpg]
[christiafung.com/images/Proj-Dinosur-Fonts-XL.jpg]
[christiafung.com/images/Proj-Dinosur-Fonts.jpg]
[christiafung.com/images/Proj-Dinosur-Colours-XL.jpg]
[christiafung.com/images/Proj-Dinosur-Colours.jpg]
[christiafung.com/images/Proj-Dinosur-Pattern-XL.jpg]
[christiafung.com/images/Proj-Dinosur-Pattern.jpg]
[christiafung.com/images/Proj-Dinosur-Packaging_Complete-XL.jpg]
[christiafung.com/images/Proj-Dinosur-Packaging_Complete.jpg]
[christiafung.com/images/Proj-Dinosur-Packaging_Complete2-XL.jpg]
[christiafung.com/images/Proj-Dinosur-Packaging_Complete2.jpg]
[christiafung.com/images/Proj-Dinosur-Packaging_Complete3-XL.jpg]
[christiafung.com/images/Proj-Dinosur-Packaging_Complete3.jpg]
[christiafung.com/images/Proj-Dinosur-Packaging_Instructions-XL.jpg]
[christiafung.com/images/Proj-Dinosur-Packaging_Instructions.jpg]
[christiafung.com/images/Proj-Dinosur-Packaging_Label-XL.jpg]
[christiafung.com/images/Proj-Dinosur-Packaging_Label.jpg]
[christiafung.com/images/Proj-Dinosur-Watches-XL.jpg]
[christiafung.com/images/Proj-Dinosur-Watches.jpg]
[christiafung.com/images/Proj-Dinosur-Watches_Angled-XL.jpg]
[christiafung.com/images/Proj-Dinosur-Watches_Angled.jpg]
[christiafung.com/images/Proj-Dinosur-Watches_Back-XL.jpg]
[christiafung.com/images/Proj-Dinosur-Watches_Back.jpg]
[christiafung.com/images/Proj-Dinosur-Flyer-XL.jpg]
[christiafung.com/images/Proj-Dinosur-Flyer.jpg]
[christiafung.com/images/Proj-Dinosur-Flyer_Zoom1-XL.jpg]
[christiafung.com/images/Proj-Dinosur-Flyer_Zoom1.jpg]
[christiafung.com/images/Proj-Dinosur-Flyer_Zoom2-XL.jpg]
[christiafung.com/images/Proj-Dinosur-Flyer_Zoom2.jpg]
[christiafung.com/dinosur.html]
[christiafung.com/svg/dribbble-blk.svg]
[christiafung.com/svg/Behance-blk.svg]
[christiafung.com/svg/instagram-blk.svg]
[christiafung.com/svg/LinkedIn-blk.svg]
[christiafung.com/svg/Email-blk.svg]
